Master :batang dalam pohon

add = menyimpan
commit = menyimpan perintah (label)

git add (untuk menyimpan)
git commit -m "add file"
git push origin file (nge push di WEB)


C:\Users\rizqi\repository_rizqiArdiansyah_7112020>github add sinau.txt
'github' is not recognized as an internal or external command,
operable program or batch file.

C:\Users\rizqi\repository_rizqiArdiansyah_7112020>git add sinau.txt
fatal: pathspec 'sinau.txt' did not match any files

C:\Users\rizqi\repository_rizqiArdiansyah_7112020>git add sinau.txt
fatal: pathspec 'sinau.txt' did not match any files

C:\Users\rizqi\repository_rizqiArdiansyah_7112020>git add COBA.txt

C:\Users\rizqi\repository_rizqiArdiansyah_7112020>git commit -m "add file"
[master (root-commit) 720e28a] add file
 1 file changed, 0 insertions(+), 0 deletions(-)
 create mode 100644 COBA.txt

C:\Users\rizqi\repository_rizqiArdiansyah_7112020>git push origin file
error: src refspec file does not match any
error: failed to push some refs to 'https://github.com/rizqiardiansyah-art/repository_rizqiArdiansyah_7112020'

C:\Users\rizqi\repository_rizqiArdiansyah_7112020>git push origin master
info: please complete authentication in your browser...
C:\Users\rizqi\repository_rizqiArdiansyah_7112020>
Username for 'https://github.com':
C:\Users\rizqi\repository_rizqiArdiansyah_7112020>git push origin master
info: please complete authentication in your browser...
Enumerating objects: 3, done.
Counting objects: 100% (3/3), done.
Writing objects: 100% (3/3), 216 bytes | 54.00 KiB/s, done.
Total 3 (delta 0), reused 0 (delta 0), pack-reused 0
To https://github.com/rizqiardiansyah-art/repository_rizqiArdiansyah_7112020
 * [new branch]      master -> master

C:\Users\rizqi\repository_rizqiArdiansyah_7112020>git add .

C:\Users\rizqi\repository_rizqiArdiansyah_7112020>git add .

C:\Users\rizqi\repository_rizqiArdiansyah_7112020>git branch rizqi

C:\Users\rizqi\repository_rizqiArdiansyah_7112020>git checkout rizqi
Switched to branch 'rizqi'
A       COBA - Copy (2).txt
A       COBA - Copy (3).txt
A       COBA - Copy (4).txt
A       COBA - Copy.txt
M       COBA.txt

C:\Users\rizqi\repository_rizqiArdiansyah_7112020>git commit -m "hello"
[rizqi a3d5245] hello
 4 files changed, 0 insertions(+), 0 deletions(-)
 create mode 100644 COBA - Copy (2).txt
 create mode 100644 COBA - Copy (3).txt
 create mode 100644 COBA - Copy (4).txt
 create mode 100644 COBA - Copy.txt

C:\Users\rizqi\repository_rizqiArdiansyah_7112020>git push origin "rizqi"

C:\Users\rizqi\repository_rizqiArdiansyah_7112020>git push origin rizqi
Enumerating objects: 3, done.
Counting objects: 100% (3/3), done.
Delta compression using up to 4 threads
Compressing objects: 100% (2/2), done.
Writing objects: 100% (2/2), 262 bytes | 262.00 KiB/s, done.
Total 2 (delta 0), reused 0 (delta 0), pack-reused 0
remote:
remote: Create a pull request for 'rizqi' on GitHub by visiting:
remote:      https://github.com/rizqiardiansyah-art/repository_rizqiArdiansyah_7112020/pull/new/rizqi
remote:
To https://github.com/rizqiardiansyah-art/repository_rizqiArdiansyah_7112020
 * [new branch]      rizqi -> rizqi


Batang = master
Cabang = rizqi

Batang dan cabang menjadi satu